mir_module vixc0 {
    extern_vararg fn @printf(ptr): i32
    extern fn @calloc(usize, usize): ptr
    extern fn @strcmp(ptr, ptr): i32
    extern fn @strlen(ptr): i32
    extern fn @vix_array_len(ptr): i32
    extern fn @vix_array_push_i32(ptr, i32): ptr
    extern fn @vix_array_push_ptr(ptr, ptr): ptr
    extern fn @vix_array_push_bytes(ptr, ptr, usize): ptr
    extern fn @vix_array_slice_bytes(ptr, i32, i32, usize): ptr
    extern fn @vix_safe_sdiv_i32(i32, i32): i32
    extern fn @vix_safe_srem_i32(i32, i32): i32
    extern fn @vix_string_concat(ptr, ptr): ptr
    extern fn @vix_string_slice(ptr, i32, i32): ptr

fn @main(): i32 {

    block %entry:
        %f_addr = alloca i32
        %t0 = const i32 0
        store i32 %t0, %f_addr
        %t1 = call @f(i32 3): i32
        %t2 = sub i32 %t1, 5
        ret i32 %t2
}


fn @__lambda_main_0(%x: i32): i32 {

    block %entry:
        %x_addr = alloca i32
        store i32 %x, %x_addr
        %t0 = load i32, %x_addr
        %t1 = add i32 %t0, 2
        ret i32 %t1
}

}

