Script started on 2026-08-31 20:47:28+08:00 [COMMAND="build/vixc tests/complex/adt_nested.vix --debug=typed-mir" <not executed on terminal>]
TypedAnalysisIR
function 0 Good scope=0 entry=0 exits=[0] source=tests/complex/adt_nested.vix:1:1
function 1 Bad scope=2 entry=1 exits=[1] source=tests/complex/adt_nested.vix:1:1
function 2 main scope=4 entry=2 exits=[3] source=tests/complex/adt_nested.vix:2:1
  scope 0 kind=function parent=none entry=0 exits=[0] locals=[0] source=tests/complex/adt_nested.vix:1:1
  scope 1 kind=block parent=0 entry=0 exits=[0] locals=[] source=tests/complex/adt_nested.vix:1:1
  scope 2 kind=function parent=none entry=1 exits=[1] locals=[] source=tests/complex/adt_nested.vix:1:1
  scope 3 kind=block parent=2 entry=1 exits=[1] locals=[] source=tests/complex/adt_nested.vix:1:1
  scope 4 kind=function parent=none entry=2 exits=[3] locals=[] source=tests/complex/adt_nested.vix:2:1
  scope 5 kind=block parent=4 entry=2 exits=[3] locals=[1] source=tests/complex/adt_nested.vix:1:1
  block 0 function=0 scope=1 predecessors=[] successors=[] source=tests/complex/adt_nested.vix:1:1
    instruction 0 kind=nop expr_id=21 stmt_id=3 value_id=0 place_id=none target=none action=none source=tests/complex/adt_nested.vix:1:1
      typed value 0 expr_id=21 type=i32 place_id=none source=tests/complex/adt_nested.vix:1:1
    instruction 1 kind=nop expr_id=22 stmt_id=3 value_id=1 place_id=none target=none action=none source=tests/complex/adt_nested.vix:1:1
      typed value 1 expr_id=22 type=i32 place_id=none source=tests/complex/adt_nested.vix:1:1
    instruction 2 kind=nop expr_id=23 stmt_id=3 value_id=2 place_id=none target=none action=none source=tests/complex/adt_nested.vix:1:1
      typed value 2 expr_id=23 type=string place_id=none source=tests/complex/adt_nested.vix:1:1
    instruction 3 kind=copy expr_id=26 stmt_id=3 value_id=3 place_id=0 target=none action=Copy source=tests/complex/adt_nested.vix:1:1
      typed value 3 expr_id=26 type=Option[i32] place_id=0 source=tests/complex/adt_nested.vix:1:1
      place 0 path=value type=Option[i32] source=tests/complex/adt_nested.vix:1:1
    instruction 4 kind=nop expr_id=25 stmt_id=3 value_id=4 place_id=none target=none action=none source=tests/complex/adt_nested.vix:1:1
      typed value 4 expr_id=25 type=f64 place_id=none source=tests/complex/adt_nested.vix:1:1
    instruction 5 kind=nop expr_id=27 stmt_id=3 value_id=5 place_id=none target=none action=none source=tests/complex/adt_nested.vix:1:1
      typed value 5 expr_id=27 type=R place_id=none source=tests/complex/adt_nested.vix:1:1
    instruction 6 kind=return_value expr_id=27 stmt_id=3 value_id=5 place_id=none target=none action=none source=tests/complex/adt_nested.vix:1:1
      typed value 5 expr_id=27 type=R place_id=none source=tests/complex/adt_nested.vix:1:1
  block 1 function=1 scope=3 predecessors=[] successors=[] source=tests/complex/adt_nested.vix:1:1
    instruction 7 kind=nop expr_id=28 stmt_id=5 value_id=6 place_id=none target=none action=none source=tests/complex/adt_nested.vix:1:1
      typed value 6 expr_id=28 type=i32 place_id=none source=tests/complex/adt_nested.vix:1:1
    instruction 8 kind=nop expr_id=29 stmt_id=5 value_id=7 place_id=none target=none action=none source=tests/complex/adt_nested.vix:1:1
      typed value 7 expr_id=29 type=i32 place_id=none source=tests/complex/adt_nested.vix:1:1
    instruction 9 kind=nop expr_id=30 stmt_id=5 value_id=8 place_id=none target=none action=none source=tests/complex/adt_nested.vix:1:1
      typed value 8 expr_id=30 type=string place_id=none source=tests/complex/adt_nested.vix:1:1
    instruction 10 kind=nop expr_id=31 stmt_id=5 value_id=9 place_id=none target=none action=none source=tests/complex/adt_nested.vix:1:1
      typed value 9 expr_id=31 type=i32 place_id=none source=tests/complex/adt_nested.vix:1:1
    instruction 11 kind=nop expr_id=32 stmt_id=5 value_id=10 place_id=none target=none action=none source=tests/complex/adt_nested.vix:1:1
      typed value 10 expr_id=32 type=f64 place_id=none source=tests/complex/adt_nested.vix:1:1
    instruction 12 kind=nop expr_id=33 stmt_id=5 value_id=11 place_id=none target=none action=none source=tests/complex/adt_nested.vix:1:1
      typed value 11 expr_id=33 type=R place_id=none source=tests/complex/adt_nested.vix:1:1
    instruction 13 kind=return_value expr_id=33 stmt_id=5 value_id=11 place_id=none target=none action=none source=tests/complex/adt_nested.vix:1:1
      typed value 11 expr_id=33 type=R place_id=none source=tests/complex/adt_nested.vix:1:1
  block 2 function=2 scope=5 predecessors=[] successors=[3] source=tests/complex/adt_nested.vix:2:39
    instruction 14 kind=nop expr_id=34 stmt_id=7 value_id=12 place_id=none target=none action=none source=tests/complex/adt_nested.vix:1:1
      typed value 12 expr_id=34 type=i32 place_id=none source=tests/complex/adt_nested.vix:1:1
    instruction 15 kind=nop expr_id=35 stmt_id=7 value_id=13 place_id=none target=none action=none source=tests/complex/adt_nested.vix:1:1
      typed value 13 expr_id=35 type=i32 place_id=none source=tests/complex/adt_nested.vix:1:1
    instruction 16 kind=nop expr_id=36 stmt_id=7 value_id=14 place_id=none target=none action=none source=tests/complex/adt_nested.vix:1:1
      typed value 14 expr_id=36 type=string place_id=none source=tests/complex/adt_nested.vix:1:1
    instruction 17 kind=nop expr_id=0 stmt_id=7 value_id=15 place_id=none target=none action=none source=tests/complex/adt_nested.vix:2:39
      typed value 15 expr_id=0 type=i32 place_id=none source=tests/complex/adt_nested.vix:2:39
    instruction 18 kind=nop expr_id=39 stmt_id=7 value_id=16 place_id=none target=none action=none source=tests/complex/adt_nested.vix:2:39
      typed value 16 expr_id=39 type=Option[i32] place_id=none source=tests/complex/adt_nested.vix:2:39
    instruction 19 kind=nop expr_id=38 stmt_id=7 value_id=17 place_id=none target=none action=none source=tests/complex/adt_nested.vix:1:1
      typed value 17 expr_id=38 type=f64 place_id=none source=tests/complex/adt_nested.vix:1:1
    instruction 20 kind=nop expr_id=40 stmt_id=7 value_id=18 place_id=none target=none action=none source=tests/complex/adt_nested.vix:2:39
      typed value 18 expr_id=40 type=R place_id=none source=tests/complex/adt_nested.vix:2:39
    instruction 21 kind=assign expr_id=40 stmt_id=7 value_id=18 place_id=1 target=none action=none source=tests/complex/adt_nested.vix:2:39
      typed value 18 expr_id=40 type=R place_id=none source=tests/complex/adt_nested.vix:2:39
      place 1 path=r type=R source=tests/complex/adt_nested.vix:2:39
  block 3 function=2 scope=5 predecessors=[2] successors=[] source=tests/complex/adt_nested.vix:2:66
    instruction 22 kind=use expr_id=3 stmt_id=8 value_id=19 place_id=1 target=none action=Move source=tests/complex/adt_nested.vix:1:1
      typed value 19 expr_id=3 type=R place_id=1 source=tests/complex/adt_nested.vix:1:1
      place 1 path=r type=R source=tests/complex/adt_nested.vix:2:39
    instruction 23 kind=copy expr_id=6 stmt_id=8 value_id=20 place_id=2 target=none action=Copy source=tests/complex/adt_nested.vix:1:1
      typed value 20 expr_id=6 type=Option[i32] place_id=2 source=tests/complex/adt_nested.vix:1:1
      place 2 path=v type=Option[i32] source=tests/complex/adt_nested.vix:1:1
    instruction 24 kind=copy expr_id=9 stmt_id=8 value_id=21 place_id=3 target=none action=Copy source=tests/complex/adt_nested.vix:2:97
      typed value 21 expr_id=9 type=i32 place_id=3 source=tests/complex/adt_nested.vix:2:97
      place 3 path=x type=i32 source=tests/complex/adt_nested.vix:2:97
    instruction 25 kind=nop expr_id=10 stmt_id=8 value_id=22 place_id=none target=none action=none source=tests/complex/adt_nested.vix:2:102
      typed value 22 expr_id=10 type=i32 place_id=none source=tests/complex/adt_nested.vix:2:102
    instruction 26 kind=nop expr_id=48 stmt_id=8 value_id=23 place_id=none target=none action=none source=tests/complex/adt_nested.vix:2:97
      typed value 23 expr_id=48 type=bool place_id=none source=tests/complex/adt_nested.vix:2:97
    instruction 27 kind=nop expr_id=12 stmt_id=8 value_id=24 place_id=none target=none action=none source=tests/complex/adt_nested.vix:2:105
      typed value 24 expr_id=12 type=i32 place_id=none source=tests/complex/adt_nested.vix:2:105
    instruction 28 kind=nop expr_id=13 stmt_id=8 value_id=25 place_id=none target=none action=none source=tests/complex/adt_nested.vix:2:112
      typed value 25 expr_id=13 type=i32 place_id=none source=tests/complex/adt_nested.vix:2:112
    instruction 29 kind=nop expr_id=49 stmt_id=8 value_id=26 place_id=none target=none action=none source=tests/complex/adt_nested.vix:2:97
      typed value 26 expr_id=49 type=unknown place_id=none source=tests/complex/adt_nested.vix:2:97
    instruction 30 kind=nop expr_id=16 stmt_id=8 value_id=27 place_id=none target=none action=none source=tests/complex/adt_nested.vix:2:122
      typed value 27 expr_id=16 type=i32 place_id=none source=tests/complex/adt_nested.vix:2:122
    instruction 31 kind=nop expr_id=50 stmt_id=8 value_id=28 place_id=none target=none action=none source=tests/complex/adt_nested.vix:2:87
      typed value 28 expr_id=50 type=i32 place_id=none source=tests/complex/adt_nested.vix:2:87
    instruction 32 kind=nop expr_id=19 stmt_id=8 value_id=29 place_id=none target=none action=none source=tests/complex/adt_nested.vix:2:133
      typed value 29 expr_id=19 type=i32 place_id=none source=tests/complex/adt_nested.vix:2:133
    instruction 33 kind=nop expr_id=52 stmt_id=8 value_id=30 place_id=none target=none action=none source=tests/complex/adt_nested.vix:2:66
      typed value 30 expr_id=52 type=i32 place_id=none source=tests/complex/adt_nested.vix:2:66
    instruction 34 kind=return_value expr_id=52 stmt_id=8 value_id=30 place_id=none target=none action=none source=tests/complex/adt_nested.vix:2:66
      typed value 30 expr_id=52 type=i32 place_id=none source=tests/complex/adt_nested.vix:2:66
OwnershipFacts
  block borrow block_id=0 active_sources=[]
  block borrow block_id=1 active_sources=[]
  block borrow block_id=2 active_sources=[]
  block borrow block_id=3 active_sources=[]
  drop scope=5 stmt_id=8 return_expr=52 block=3 place_id=1 type=R reason=return_exit source=tests/complex/adt_nested.vix:2:66


Script done on 2026-08-31 20:47:28+08:00 [COMMAND_EXIT_CODE="0"]
