Script started on 2026-08-31 20:45:25+08:00 [COMMAND="python3 tests/smoke.py" <not executed on terminal>]
ok   test1.vix exit=42
ok   test10.vix exit=0
ok   test100.vix exit=247
ok   test101.vix exit=199
ok   test102.vix exit=141
ok   test103.vix exit=166
ok   test104.vix exit=191
ok   test105.vix exit=176
ok   test106.vix exit=118
ok   test107.vix exit=70
ok   test108.vix exit=95
ok   test109.vix exit=120
ok   test11.vix exit=7
ok   test110.vix exit=145
ok   test111.vix exit=87
ok   test112.vix exit=39
ok   test113.vix exit=24
ok   test114.vix exit=49
ok   test115.vix exit=37
ok   test116.vix exit=62
ok   test117.vix exit=14
ok   test118.vix exit=39
ok   test119.vix exit=232
ok   test12.vix exit=13
ok   test120.vix exit=217
ok   test121.vix exit=242
ok   test122.vix exit=194
ok   test123.vix exit=42
ok   test124.vix exit=10
ok   test125.vix exit=17
ok   test126.vix exit=26
ok   test127.vix exit=36
ok   test128.vix exit=28
ok   test129.vix exit=133
ok   test13.vix exit=9
ok   test130.vix exit=237
ok   test131.vix exit=138
ok   test132.vix exit=100
ok   test133.vix exit=91
ok   test134.vix exit=44
ok   test135.vix exit=108
ok   test136.vix exit=164
ok   test137.vix exit=40
ok   test138.vix exit=238
ok   test139.vix exit=5
ok   test14.vix exit=9
ok   test140.vix exit=214
ok   test141.vix exit=161
ok   test142.vix exit=179
ok   test143.vix exit=7
ok   test144.vix exit=245
ok   test145.vix exit=156
ok   test146.vix exit=168
ok   test147.vix exit=109
ok   test148.vix exit=102
ok   test149.vix exit=166
ok   test15.vix exit=17
ok   test150.vix exit=11
ok   test151.vix exit=165
ok   test152.vix exit=139
ok   test153.vix exit=249
ok   test154.vix exit=155
ok   test155.vix exit=133
ok   test156.vix exit=191
ok   test157.vix exit=69
ok   test158.vix exit=18
ok   test159.vix exit=38
ok   test16.vix exit=13
ok   test160.vix exit=59
ok   test161.vix exit=188
ok   test162.vix exit=9
ok   test163.vix exit=113
ok   test164.vix exit=37
ok   test165.vix exit=181
ok   test166.vix exit=195
ok   test167.vix exit=29
ok   test168.vix exit=133
ok   test169.vix exit=199
ok   test17.vix exit=7
ok   test170.vix exit=36
ok   test171.vix exit=231
ok   test172.vix exit=220
ok   test173.vix exit=29
ok   test174.vix exit=160
ok   test175.vix exit=168
ok   test176.vix exit=218
ok   test177.vix exit=98
ok   test178.vix exit=49
ok   test179.vix exit=71
ok   test18.vix exit=0
ok   test180.vix exit=110
ok   test181.vix exit=235
ok   test182.vix exit=38
ok   test183.vix exit=144
ok   test184.vix exit=70
ok   test185.vix exit=216
ok   test186.vix exit=232
ok   test187.vix exit=58
ok   test188.vix exit=216
ok   test189.vix exit=59
ok   test19.vix exit=0
ok   test190.vix exit=87
ok   test191.vix exit=7
ok   test192.vix exit=249
ok   test193.vix exit=60
ok   test194.vix exit=193
ok   test195.vix exit=13
ok   test196.vix exit=4
ok   test197.vix exit=137
ok   test198.vix exit=145
ok   test199.vix exit=182
ok   test2.vix exit=21
ok   test20.vix exit=0
ok   test200.vix exit=135
ok   test201.vix exit=11
ok   test202.vix exit=209
ok   test203.vix exit=175
ok   test204.vix exit=103
ok   test205.vix exit=241
ok   test206.vix exit=8
ok   test207.vix exit=149
ok   test208.vix exit=71
ok   test209.vix exit=54
ok   test21.vix exit=0
ok   test210.vix exit=112
ok   test211.vix exit=34
ok   test212.vix exit=27
ok   test213.vix exit=91
ok   test214.vix exit=226
ok   test215.vix exit=38
ok   test216.vix exit=51
ok   test217.vix exit=218
ok   test218.vix exit=186
ok   test219.vix exit=225
ok   test22.vix exit=74
ok   test220.vix exit=160
ok   test221.vix exit=38
ok   test222.vix exit=238
ok   test223.vix exit=7
ok   test224.vix exit=136
ok   test225.vix exit=41
ok   test226.vix exit=74
ok   test227.vix exit=178
ok   test228.vix exit=102
ok   test229.vix exit=97
ok   test23.vix exit=13
ok   test230.vix exit=218
ok   test231.vix exit=61
ok   test232.vix exit=56
ok   test233.vix exit=122
ok   test234.vix exit=86
ok   test235.vix exit=89
ok   test236.vix exit=78
ok   test237.vix exit=138
ok   test238.vix exit=217
ok   test239.vix exit=7
ok   test24.vix exit=38
ok   test240.vix exit=195
ok   test241.vix exit=75
ok   test242.vix exit=16
ok   test243.vix exit=103
ok   test244.vix exit=209
ok   test245.vix exit=66
ok   test246.vix exit=101
ok   test247.vix exit=207
ok   test248.vix exit=133
ok   test249.vix exit=130
ok   test25.vix exit=63
ok   test250.vix exit=243
ok   test251.vix exit=79
ok   test252.vix exit=147
ok   test253.vix exit=218
ok   test254.vix exit=119
ok   test255.vix exit=114
ok   test256.vix exit=105
ok   test257.vix exit=167
ok   test258.vix exit=49
ok   test259.vix exit=40
ok   test26.vix exit=88
ok   test260.vix exit=220
ok   test261.vix exit=141
ok   test262.vix exit=107
ok   test263.vix exit=144
ok   test264.vix exit=242
ok   test265.vix exit=162
ok   test266.vix exit=128
ok   test267.vix exit=236
ok   test268.vix exit=164
ok   test269.vix exit=163
ok   test27.vix exit=113
ok   test270.vix exit=43
ok   test271.vix exit=145
ok   test272.vix exit=67
ok   test273.vix exit=8
ok   test274.vix exit=162
ok   test275.vix exit=139
ok   test276.vix exit=132
ok   test277.vix exit=196
ok   test278.vix exit=80
ok   test279.vix exit=113
ok   test28.vix exit=233
ok   test280.vix exit=20
ok   test281.vix exit=168
ok   test282.vix exit=136
ok   test283.vix exit=175
ok   test284.vix exit=34
ok   test285.vix exit=197
ok   test286.vix exit=136
ok   test287.vix exit=14
ok   test288.vix exit=9
ok   test289.vix exit=23
ok   test29.vix exit=7
ok   test290.vix exit=68
ok   test291.vix exit=172
ok   test292.vix exit=96
ok   test293.vix exit=91
ok   test294.vix exit=195
ok   test295.vix exit=174
ok   test296.vix exit=169
ok   test297.vix exit=26
ok   test298.vix exit=176
ok   test299.vix exit=146
ok   test3.vix exit=7
ok   test30.vix exit=32
ok   test300.vix exit=116
ok   test301.vix exit=195
ok   test302.vix exit=165
ok   test303.vix exit=206
ok   test304.vix exit=67
ok   test305.vix exit=222
ok   test306.vix exit=212
ok   test307.vix exit=247
ok   test308.vix exit=40
ok   test309.vix exit=56
ok   test31.vix exit=17
ok   test310.vix exit=93
ok   test311.vix exit=199
ok   test312.vix exit=125
ok   test313.vix exit=122
ok   test314.vix exit=190
ok   test315.vix exit=225
ok   test316.vix exit=235
ok   test317.vix exit=65
ok   test318.vix exit=217
ok   test319.vix exit=179
ok   test32.vix exit=210
ok   test320.vix exit=141
ok   test321.vix exit=203
ok   test322.vix exit=194
ok   test323.vix exit=237
ok   test324.vix exit=178
ok   test325.vix exit=22
ok   test326.vix exit=239
ok   test327.vix exit=25
ok   test328.vix exit=133
ok   test329.vix exit=99
ok   test33.vix exit=162
ok   test330.vix exit=118
ok   test331.vix exit=226
ok   test332.vix exit=154
ok   test333.vix exit=218
ok   test334.vix exit=50
ok   test335.vix exit=70
ok   test336.vix exit=11
ok   test337.vix exit=94
ok   test338.vix exit=248
ok   test339.vix exit=222
ok   test34.vix exit=187
ok   test340.vix exit=176
ok   test341.vix exit=230
ok   test342.vix exit=166
ok   test343.vix exit=82
ok   test344.vix exit=211
ok   test345.vix exit=47
ok   test346.vix exit=15
ok   test347.vix exit=54
ok   test348.vix exit=164
ok   test349.vix exit=94
ok   test35.vix exit=212
ok   test350.vix exit=153
ok   test351.vix exit=51
ok   test352.vix exit=235
ok   test353.vix exit=249
ok   test354.vix exit=83
ok   test355.vix exit=95
ok   test356.vix exit=19
ok   test357.vix exit=123
ok   test358.vix exit=28
ok   test359.vix exit=4
ok   test36.vix exit=154
ok   test360.vix exit=227
ok   test361.vix exit=55
ok   test362.vix exit=205
ok   test363.vix exit=165
ok   test364.vix exit=244
ok   test365.vix exit=72
ok   test366.vix exit=42
ok   test367.vix exit=83
ok   test368.vix exit=195
ok   test369.vix exit=205
ok   test37.vix exit=179
ok   test370.vix exit=24
ok   test371.vix exit=78
ok   test372.vix exit=23
ok   test373.vix exit=39
ok   test374.vix exit=116
ok   test375.vix exit=120
ok   test376.vix exit=46
ok   test377.vix exit=43
ok   test378.vix exit=124
ok   test379.vix exit=115
ok   test38.vix exit=164
ok   test380.vix exit=1
ok   test381.vix exit=82
ok   test382.vix exit=234
ok   test383.vix exit=206
ok   test384.vix exit=249
ok   test385.vix exit=97
ok   test386.vix exit=69
ok   test387.vix exit=164
ok   test388.vix exit=40
ok   test389.vix exit=238
ok   test39.vix exit=116
ok   test390.vix exit=49
ok   test391.vix exit=86
ok   test392.vix exit=52
ok   test393.vix exit=70
ok   test394.vix exit=159
ok   test395.vix exit=155
ok   test396.vix exit=112
ok   test397.vix exit=124
ok   test398.vix exit=207
ok   test399.vix exit=148
ok   test4.vix exit=9
ok   test40.vix exit=141
ok   test400.vix exit=26
ok   test401.vix exit=15
ok   test402.vix exit=36
ok   test403.vic exit=0
ok   test404.vic exit=7
ok   test405.vic exit=10
ok   test406.vic exit=15
ok   test407.vic exit=36
ok   test408.vic exit=37
ok   test409.vic exit=42
ok   test41.vix exit=83
ok   test410.vic exit=22
ok   test411.vic exit=18
ok   test412.vic exit=21
ok   test413.vic exit=28
ok   test414.vic exit=36
ok   test415.vic exit=36
ok   test416.vic exit=9
ok   test417.vic exit=8
ok   test42.vix exit=108
ok   test421.vic exit=14
ok   test422.vic exit=42
ok   test423.vic exit=3
ok   test43.vix exit=133
ok   test44.vix exit=85
ok   test45.vix exit=238
ok   test46.vix exit=58
ok   test47.vix exit=83
ok   test48.vix exit=108
ok   test49.vix exit=60
ok   test5.vix exit=7
ok   test50.vix exit=2
ok   test51.vix exit=27
ok   test52.vix exit=52
ok   test53.vix exit=37
ok   test54.vix exit=157
ok   test55.vix exit=182
ok   test56.vix exit=207
ok   test57.vix exit=232
ok   test58.vix exit=174
ok   test59.vix exit=199
ok   test6.vix exit=15
ok   test60.vix exit=111
ok   test61.vix exit=136
ok   test62.vix exit=161
ok   test63.vix exit=103
ok   test64.vix exit=128
ok   test65.vix exit=80
ok   test66.vix exit=105
ok   test67.vix exit=47
ok   test68.vix exit=32
ok   test69.vix exit=103
ok   test7.vix exit=10
ok   test70.vix exit=55
ok   test71.vix exit=248
ok   test72.vix exit=22
ok   test73.vix exit=47
ok   test74.vix exit=72
ok   test75.vix exit=235
ok   test76.vix exit=177
ok   test77.vix exit=202
ok   test78.vix exit=227
ok   test79.vix exit=1
ok   test8.vix exit=52
ok   test80.vix exit=194
ok   test81.vix exit=146
ok   test82.vix exit=171
ok   test83.vix exit=156
ok   test84.vix exit=98
ok   test85.vix exit=123
ok   test86.vix exit=75
ok   test87.vix exit=100
ok   test88.vix exit=125
ok   test89.vix exit=67
ok   test9.vix exit=7
ok   test90.vix exit=52
ok   test91.vix exit=4
ok   test92.vix exit=75
ok   test93.vix exit=17
ok   test94.vix exit=42
ok   test95.vix exit=67
ok   test96.vix exit=19
ok   test97.vix exit=44
ok   test98.vix exit=197
ok   test99.vix exit=222
passed 420 self tests
passed 400 dedicated large macro smoke tests

Script done on 2026-08-31 20:46:19+08:00 [COMMAND_EXIT_CODE="0"]
